---
http_interactions:
- request:
    method: get
    uri: https://dennis.dev.adam.ac/api/v1/zones/:zone?_arguments=%7B%22zone%22:%7B%22external_reference%22:%22cou-zone-1%22%7D%7D
    body:
      encoding: US-ASCII
      string: ''
    headers:
      Accept-Encoding:
      - gzip;q=1.0,deflate;q=0.6,identity;q=0.3
      Accept:
      - "*/*"
      User-Agent:
      - Ruby
      Authorization:
      - Bearer test
  response:
    status:
      code: 404
      message: Not Found
    headers:
      Access-Control-Allow-Methods:
      - "*"
      Access-Control-Allow-Origin:
      - "*"
      Cache-Control:
      - no-cache
      Content-Length:
      - '112'
      Content-Type:
      - application/json
      Server:
      - Caddy
      X-Api-Schema:
      - json-error
      X-Request-Id:
      - b8d5501d-d7b4-4e6e-af86-40a10c48f702
      X-Runtime:
      - '0.006560'
      Date:
      - Mon, 19 Apr 2021 20:42:24 GMT
    body:
      encoding: UTF-8
      string: '{"error":{"code":"zone_not_found","description":"No zone could be found
        using the given arguments","detail":{}}}'
  recorded_at: Mon, 19 Apr 2021 20:42:24 GMT
- request:
    method: get
    uri: https://dennis.dev.adam.ac/api/v1/zones/:zone?_arguments=%7B%22zone%22:%7B%22external_reference%22:%22cou-zone-1%22%7D%7D
    body:
      encoding: US-ASCII
      string: ''
    headers:
      Accept-Encoding:
      - gzip;q=1.0,deflate;q=0.6,identity;q=0.3
      Accept:
      - "*/*"
      User-Agent:
      - Ruby
      Authorization:
      - Bearer test
  response:
    status:
      code: 404
      message: Not Found
    headers:
      Access-Control-Allow-Methods:
      - "*"
      Access-Control-Allow-Origin:
      - "*"
      Cache-Control:
      - no-cache
      Content-Length:
      - '112'
      Content-Type:
      - application/json
      Server:
      - Caddy
      X-Api-Schema:
      - json-error
      X-Request-Id:
      - 14a61538-120b-49bd-952e-0e5116df9e29
      X-Runtime:
      - '0.008024'
      Date:
      - Mon, 19 Apr 2021 20:42:24 GMT
    body:
      encoding: UTF-8
      string: '{"error":{"code":"zone_not_found","description":"No zone could be found
        using the given arguments","detail":{}}}'
  recorded_at: Mon, 19 Apr 2021 20:42:24 GMT
- request:
    method: post
    uri: https://dennis.dev.adam.ac/api/v1/zones
    body:
      encoding: UTF-8
      string: '{"group":{"id":1},"properties":{"name":"cou1.com","external_reference":"cou-zone-1"}}'
    headers:
      Accept-Encoding:
      - gzip;q=1.0,deflate;q=0.6,identity;q=0.3
      Accept:
      - "*/*"
      User-Agent:
      - Ruby
      Authorization:
      - Bearer test
      Content-Type:
      - application/json
  response:
    status:
      code: 201
      message: Created
    headers:
      Access-Control-Allow-Methods:
      - "*"
      Access-Control-Allow-Origin:
      - "*"
      Cache-Control:
      - max-age=0, private, must-revalidate
      Content-Length:
      - '693'
      Content-Type:
      - application/json
      Etag:
      - W/"05dd0fca4327ada0f787782572f2b7ed"
      Server:
      - Caddy
      X-Request-Id:
      - 545e0e05-5eda-4669-8e5a-32896c15d874
      X-Runtime:
      - '0.052803'
      Date:
      - Mon, 19 Apr 2021 20:42:24 GMT
    body:
      encoding: UTF-8
      string: '{"zone":{"id":8,"name":"cou1.com","group":{"id":1,"name":"Renamed Group","external_reference":"with-ref","created_at":1618864930,"updated_at":1618864942,"nameservers":[{"id":5,"name":"laura.example.com","server":2,"available":true,"created_at":1618864930,"updated_at":1618864930},{"id":3,"name":"dave.example.com","server":1,"available":true,"created_at":1618864930,"updated_at":1618864930}]},"created_at":1618864944,"updated_at":1618864944,"serial":1618864944,"default_ttl":3600,"external_reference":"cou-zone-1","verified":false,"nameservers_verified_at":null,"nameservers_checked_at":null,"always_verified":false,"nameservers_verified":false,"reverse_dns":false,"stale_verification":false}}'
  recorded_at: Mon, 19 Apr 2021 20:42:24 GMT
recorded_with: VCR 6.0.0
